// Jest Snapshot v1, https://goo.gl/fbAQLP

exports[`InForm.vue Должен соотноситься со снэпшотом компонента 1`] = `
"<div id=\\"entrance\\" class=\\"centered-wrapper\\">
  <div class=\\"logo\\">
    <div class=\\"logo-img\\"></div>
    <h1 class=\\"logo-title\\">Система заявок<br>в IT-отдел</h1>
  </div>
  <div class=\\"form-wrapper rounded-corners\\">
    <h2 class=\\"form-title\\">Войти в электронную<br>систему заявок</h2>
    <form action=\\"POST\\"><label for=\\"login\\">Логин<br> <input type=\\"text\\" name=\\"login\\" id=\\"login\\" placeholder=\\"login\\" required=\\"required\\" class=\\"rounded-corners\\"></label> <label for=\\"password\\">Пароль<br> <input type=\\"password\\" name=\\"password\\" id=\\"password\\" placeholder=\\"********\\" required=\\"required\\" class=\\"rounded-corners\\"></label> <button class=\\"rounded-corners\\">Войти</button></form> <a>Не помню пароль</a>
  </div>
</div>"
`;
